{
    "-profile test": {
        "content": [
            {
                "CELLPOSE": {
                    "cellpose": "3.0.1"
                },
                "CLAHE": {
                    "molkart_clahe": "0.1.0"
                },
                "CREATE_ANNDATA": {
                    "molkart_createanndata": "0.1.0"
                },
                "CREATE_STACK": {
                    "molkart_stack": "0.1.0"
                },
                "DEEPCELL_MESMER": {
                    "deepcell_mesmer": "0.4.1"
                },
                "MASKFILTER": {
                    "molkart_maskfilter": "0.1.0"
                },
                "MINDAGAP_DUPLICATEFINDER": {
                    "mindagap": "0.0.2"
                },
                "MINDAGAP_MINDAGAP": {
                    "mindagap": "0.0.2"
                },
                "MOLKARTQC": {
                    "molkartqc": "0.1.0"
                },
                "SPOT2CELL": {
                    "molkart_spot2cell": "0.1.0"
                },
                "STARDIST": {
                    "stardist": "0.9.1",
                    "python": "3.9.15",
                    "tensorflow": "2.10.0",
                    "tifffile": "2022.4.8"
                },
                "Workflow": {
                    "nf-core/molkart": "v1.3.0dev"
                }
            },
            [
                "anndata",
                "anndata/mem_only_cellpose.adata",
                "anndata/mem_only_mesmer.adata",
                "anndata/mem_only_stardist.adata",
                "clahe",
                "clahe/mem_only_membrane_gridfilled_clahe.tiff",
                "clahe/mem_only_nuclear_gridfilled_clahe.tiff",
                "mindagap",
                "mindagap/mem_only_membrane_gridfilled.tiff",
                "mindagap/mem_only_nuclear_gridfilled.tiff",
                "mindagap/mem_only_spots_markedDups.txt",
                "molkartqc",
                "molkartqc/mem_only.cellpose.spot_QC.csv",
                "molkartqc/mem_only.mesmer.spot_QC.csv",
                "molkartqc/mem_only.stardist.spot_QC.csv",
                "multiqc",
                "multiqc/multiqc_data",
                "multiqc/multiqc_data/llms-full.txt",
                "multiqc/multiqc_data/multiqc.log",
                "multiqc/multiqc_data/multiqc.parquet",
                "multiqc/multiqc_data/multiqc_citations.txt",
                "multiqc/multiqc_data/multiqc_data.json",
                "multiqc/multiqc_data/multiqc_segmentation_stats.txt",
                "multiqc/multiqc_data/multiqc_software_versions.txt",
                "multiqc/multiqc_data/multiqc_sources.txt",
                "multiqc/multiqc_plots",
                "multiqc/multiqc_plots/pdf",
                "multiqc/multiqc_plots/pdf/segmentation_stats.pdf",
                "multiqc/multiqc_plots/png",
                "multiqc/multiqc_plots/png/segmentation_stats.png",
                "multiqc/multiqc_plots/svg",
                "multiqc/multiqc_plots/svg/segmentation_stats.svg",
                "multiqc/multiqc_report.html",
                "pipeline_info",
                "pipeline_info/nf_core_molkart_software_mqc_versions.yml",
                "segmentation",
                "segmentation/cellpose",
                "segmentation/cellpose/mem_only_cellpose_mask.tif",
                "segmentation/filtered_masks",
                "segmentation/filtered_masks/mem_only_cellpose_filtered.csv",
                "segmentation/filtered_masks/mem_only_cellpose_filtered.tif",
                "segmentation/filtered_masks/mem_only_mesmer_filtered.csv",
                "segmentation/filtered_masks/mem_only_mesmer_filtered.tif",
                "segmentation/filtered_masks/mem_only_stardist_filtered.csv",
                "segmentation/filtered_masks/mem_only_stardist_filtered.tif",
                "segmentation/mesmer",
                "segmentation/mesmer/mem_only_mesmer_mask.tif",
                "segmentation/stardist",
                "segmentation/stardist/mem_only_stardist_mask.tif",
                "spot2cell",
                "spot2cell/cellxgene_mem_only_cellpose.csv",
                "spot2cell/cellxgene_mem_only_mesmer.csv",
                "spot2cell/cellxgene_mem_only_stardist.csv",
                "stack",
                "stack/mem_only_stack.ome.tif"
            ],
            [
                "mem_only_membrane_gridfilled.tiff:md5,88a04963c830115fe3e3d8b28c2f8564",
                "mem_only_nuclear_gridfilled.tiff:md5,0ec40edfcf2afd0717bf96e850467f35",
                "mem_only_spots_markedDups.txt:md5,ef8ae4bc5ab898c5538daacd59897f86",
                "mem_only.cellpose.spot_QC.csv:md5,abe9a866b383c36451dd20671319f61c",
                "mem_only.mesmer.spot_QC.csv:md5,77dfce129a052888c09621a1943e36e5",
                "mem_only.stardist.spot_QC.csv:md5,b2ef7e1d78ff611065439e2ef23b2b54",
                "multiqc_citations.txt:md5,4c806e63a283ec1b7e78cdae3a923d4f",
                "multiqc_segmentation_stats.txt:md5,7e08c3d84fec75dfe61310718403ec58",
                "mem_only_cellpose_mask.tif:md5,1aa3535b8964bc257297d36be7f4fe1e",
                "mem_only_cellpose_filtered.csv:md5,e8be973d7809a7a2ed2ab0e1667becff",
                "mem_only_cellpose_filtered.tif:md5,1aa3535b8964bc257297d36be7f4fe1e",
                "mem_only_mesmer_filtered.csv:md5,68ab417273f2f77a738891c773eb931a",
                "mem_only_mesmer_filtered.tif:md5,0a1b60e0d27057217272102ca514d694",
                "mem_only_stardist_filtered.csv:md5,68ab417273f2f77a738891c773eb931a",
                "mem_only_stardist_filtered.tif:md5,71eec4ea5e68738f2331e7b889c10947",
                "mem_only_mesmer_mask.tif:md5,1fbb347f705a1be89f470b26172f784c",
                "mem_only_stardist_mask.tif:md5,dc606bf4447f4e84392f36cd2f8b53f8"
            ]
        ],
        "timestamp": "2026-02-16T19:29:41.324872543",
        "meta": {
            "nf-test": "0.9.4",
            "nextflow": "25.10.4"
        }
    }
}