{
    "Two channels, mesmer and cellpose, with clahe": {
        "content": [
            "mem_only_membrane_gridfilled.tiff:md5,6e24160d758468d2de07ca200dfb62c2",
            "mem_only_nuclear_gridfilled.tiff:md5,123763d54f05b2274690b3b84f9690b1",
            "mem_only_spots_markedDups.txt:md5,4562caad05850d7dd7b6e9235e068a8b",
            "mem_only_cellpose_mask.tif:md5,d962bae7277cc7ad8cf96708a806b418",
            "mem_only_mesmer_mask.tif:md5,6f8c792ccc4cca97b5696990fb4e3801",
            "mem_only_mesmer_filtered.tif:md5,5751b2e39393a9c8221396f5ef592035",
            "mem_only_cellpose_filtered.tif:md5,33f1f2e79dec6ebb27e2761413c55696",
            "cellxgene_mem_only_cellpose.csv:md5,dc8349194322a72bd87e5118040c427f",
            "cellxgene_mem_only_mesmer.csv:md5,198b187d5f151077437aa591f5991b22",
            "mem_only_cellpose.adata:md5,834903214d6cdcc7dd2e10b1ee1b22a3",
            "mem_only_mesmer.adata:md5,530649647a3466316ea52dde9dede4ab",
            "mem_only.cellpose.spot_QC.csv:md5,2090a0bc4307e9712a6150bafeb38ec5",
            "mem_only.mesmer.spot_QC.csv:md5,3273bd6fecf93a3d240614d1b38831c9"
        ],
        "meta": {
            "nf-test": "0.8.4",
            "nextflow": "24.04.2"
        },
        "timestamp": "2024-06-11T11:48:45.961121703"
    },
    "Nuclear channel, mesmer and cellpose, without clahe": {
        "content": [
            "nuc_only_nuclear_gridfilled.tiff:md5,123763d54f05b2274690b3b84f9690b1",
            "nuc_only_spots_markedDups.txt:md5,4562caad05850d7dd7b6e9235e068a8b",
            "nuc_only_cellpose_mask.tif:md5,29947c9cc51a9dd791452710e00ea6d6",
            "nuc_only_mesmer_mask.tif:md5,e9719f53651b4bf76a37e9374db7f4e4",
            "nuc_only_mesmer_filtered.tif:md5,5a6761c80ea65d41ce00d06d3414c96b",
            "nuc_only_cellpose_filtered.tif:md5,29947c9cc51a9dd791452710e00ea6d6",
            "cellxgene_nuc_only_cellpose.csv:md5,87b0816ae6fca91a789d08528d2deb87",
            "cellxgene_nuc_only_mesmer.csv:md5,425cfb90a60b564e4bfff09ac5ea94c7",
            "nuc_only_cellpose.adata:md5,2c08500a579b149ca9fed24508c81d27",
            "nuc_only_mesmer.adata:md5,cd20ab6db5274bb85c960ea3bd8d2619",
            "nuc_only.cellpose.spot_QC.csv:md5,671d25520018573aaf6d7e5706dc8bc3",
            "nuc_only.mesmer.spot_QC.csv:md5,f8f4eb85bb8269341ac072ac78962ed4"
        ],
        "meta": {
            "nf-test": "0.8.4",
            "nextflow": "24.04.2"
        },
        "timestamp": "2024-06-11T11:47:51.185058276"
    },
    "Skip mindagap - clahe - cellpose": {
        "content": [
            "mem_only_cellpose_mask.tif:md5,8faad3e707aba96d3b93d9419311e843",
            "mem_only_cellpose_filtered.tif:md5,5c566683d7af62721415329799ad2ac1",
            "cellxgene_mem_only_cellpose.csv:md5,925f5fabeeafc520fe839cabc79fa9ce",
            "mem_only_cellpose.adata:md5,a0aa767a32929417f7f3253d12278f3a",
            "mem_only.cellpose.spot_QC.csv:md5,e393966b17effbc05c1b93bb590d7e80"
        ],
        "meta": {
            "nf-test": "0.8.4",
            "nextflow": "24.04.4"
        },
        "timestamp": "2024-09-10T15:07:17.243436747"
    },
    "Create training subset": {
        "content": [
            "nuc_only_nuclear_gridfilled.tiff:md5,123763d54f05b2274690b3b84f9690b1"
        ],
        "meta": {
            "nf-test": "0.8.4",
            "nextflow": "24.04.2"
        },
        "timestamp": "2023-11-28T21:40:40.925034909"
    }
}